Vivado Simulator v2025.2
Copyright 1986-2022 Xilinx, Inc. All Rights Reserved.
Copyright 2022-2025 Advanced Micro Devices, Inc. All Rights Reserved.
Running: C:/AMDDesignTools/2025.2/Vivado/bin/unwrapped/win64.o/xelab.exe --incr --debug typical --relax --mt 2 -L xil_defaultlib -L unisims_ver -L unimacro_ver -L secureip --snapshot tm_tb_behav xil_defaultlib.tm_tb xil_defaultlib.glbl -log elaborate.log 
Using 2 slave threads.
Starting static elaboration
Pass Through NonSizing Optimizer
Completed static elaboration
Starting simulation data flow analysis
WARNING: [XSIM 43-4099] "C:/Users/nikhi/CNN/rtl/top_module.v" Line 1. Module top_module(IMG_W=8,IMG_H=8) doesn't have a timescale but at least one module in design has a timescale.
WARNING: [XSIM 43-4099] "C:/Users/nikhi/CNN/rtl/linebuffer.v" Line 1. Module linebuffer(IMG_W=8,IMG_H=8) doesn't have a timescale but at least one module in design has a timescale.
WARNING: [XSIM 43-4099] "C:/Users/nikhi/CNN/rtl/PE.v" Line 1. Module PE doesn't have a timescale but at least one module in design has a timescale.
WARNING: [XSIM 43-4099] "C:/Users/nikhi/CNN/rtl/max_pool.v" Line 1. Module max_pool(IMG_W=8,IMG_H=8) doesn't have a timescale but at least one module in design has a timescale.
Completed simulation data flow analysis
Time Resolution for simulation is 1ps
Compiling module xil_defaultlib.linebuffer(IMG_W=8,IMG_H=8)
Compiling module xil_defaultlib.PE
Compiling module xil_defaultlib.max_pool(IMG_W=8,IMG_H=8)
Compiling module xil_defaultlib.top_module(IMG_W=8,IMG_H=8)
Compiling module xil_defaultlib.tm_tb
Compiling module xil_defaultlib.glbl
Built simulation snapshot tm_tb_behav
